============================= test session starts ==============================
platform linux -- Python 3.12.3, pytest-8.4.2, pluggy-1.6.0 -- /mnt/c/Users/pepsi/projects/github-actions-practice/.venv/bin/python
cachedir: .pytest_cache
rootdir: /mnt/c/Users/pepsi/projects/github-actions-practice
configfile: pyproject.toml
testpaths: tests
plugins: cov-7.0.0
collecting ... collected 27 items

tests/test_cli.py::TestCLI::test_cli_basic_usage PASSED                  [  3%]
tests/test_cli.py::TestCLI::test_cli_custom_encoding PASSED              [  7%]
tests/test_cli.py::TestCLI::test_cli_custom_output PASSED                [ 11%]
tests/test_cli.py::TestCLI::test_cli_verbose_output PASSED               [ 14%]
tests/test_cli.py::TestCLI::test_cli_short_options PASSED                [ 18%]
tests/test_cli.py::TestCLI::test_cli_nonexistent_file PASSED             [ 22%]
tests/test_cli.py::TestCLI::test_cli_unsupported_encoding PASSED         [ 25%]
tests/test_cli.py::TestCLI::test_cli_help PASSED                         [ 29%]
tests/test_cli.py::TestCLI::test_cli_encoding_help PASSED                [ 33%]
tests/test_cli.py::TestCLI::test_cli_unicode_content PASSED              [ 37%]
tests/test_encoder.py::TestFileEncoder::test_encode_file_default_encoding PASSED [ 40%]
tests/test_encoder.py::TestFileEncoder::test_encode_file_custom_encoding PASSED [ 44%]
tests/test_encoder.py::TestFileEncoder::test_encode_file_custom_output_path PASSED [ 48%]
tests/test_encoder.py::TestFileEncoder::test_encode_file_nonexistent_file PASSED [ 51%]
tests/test_encoder.py::TestFileEncoder::test_encode_file_unsupported_encoding PASSED [ 55%]
tests/test_encoder.py::TestFileEncoder::test_encode_file_unicode_content PASSED [ 59%]
tests/test_encoder.py::TestFileEncoder::test_encode_file_latin1_encoding PASSED [ 62%]
tests/test_encoder.py::TestFileEncoder::test_get_file_encoding PASSED    [ 66%]
tests/test_encoder.py::TestFileEncoder::test_supported_encodings_list PASSED [ 70%]
tests/test_encoder.py::TestFileEncoder::test_default_encoding PASSED     [ 74%]
tests/test_encoder.py::TestFileEncoder::test_read_file_with_fallback_success PASSED [ 77%]
tests/test_encoder.py::TestFileEncoder::test_output_filename_generation PASSED [ 81%]
tests/test_integration.py::TestIntegration::test_end_to_end_workflow PASSED [ 85%]
tests/test_integration.py::TestIntegration::test_multiple_encoding_conversions PASSED [ 88%]
tests/test_integration.py::TestIntegration::test_large_file_encoding PASSED [ 92%]
tests/test_integration.py::TestIntegration::test_various_file_extensions PASSED [ 96%]
tests/test_integration.py::TestIntegration::test_utf16_encoding_with_bom PASSED [100%]

- generated xml file: /mnt/c/Users/pepsi/projects/github-actions-practice/pytest-report.xml -
================================ tests coverage ================================
_______________ coverage: platform linux, python 3.12.3-final-0 ________________

Name                           Stmts   Miss  Cover   Missing
------------------------------------------------------------
src/file_encoder/__init__.py       5      0   100%
src/file_encoder/cli.py           41     12    71%   50-51, 55-63, 67
src/file_encoder/encoder.py       42      4    90%   90, 113-116
------------------------------------------------------------
TOTAL                             88     16    82%
Coverage XML written to file coverage.xml
============================== 27 passed in 0.45s ==============================
